^Son<pron><pers><du3><nom>/Dïhte<pron><pers><du3><nom>$ ^ii<v><iv><neg><ind><du3>/ij<v><neg><ind><du3>$ ^sáhttit<v><iv><der_nomag><n><sg><acc><pxsg1>/buektiehtidh<v><tv><der_nomag><n><sg><acc><pxsg1>$ ^stoahka<n><sg><nom><pxsg2>/stååkedimmie<n><sg><nom><pxsg2>$ ^dalle<adv>/joem<adv>$ ^olgun<adv>/ålkene<adv>$^..<clb>/..<clb>$
