^մարդ<n><aa><sg><nom><ind><px1sg>/husband<n><sg><nom><ind><px1sg>$ ^տուն<n><nn><sg><dat><def>/home<n><sg><dat><def>/house<n><sg><dat><def>/family<n><sg><dat><def>/stanza<n><sg><dat><def>/dynasty<n><sg><dat><def>/building<n><sg><dat><def>/apartment<n><sg><dat><def>/household<n><sg><dat><def>$ ^չ<adv>/not<adv>$ ^եմ<vaux><pres><p3><sg>/be<vbser><pres><p3><sg>$^:<sent>/:<sent>$
