^free<adj><sg>/gratis<adj><sg>$ ^whatever<n>/gloop<n>$
^free<adj><sg>/libre1<adj><sg>$ ^bloop<n><m><sg>/gloop<n>$
^free<adj><sg>/libre1<adj><sg>$ ^shoop<n><m><sg>/gloop<n>$
^free<adj><sg>/libre2<adj><sg>$ ^bloop<n><f><sg>/gloop<n>$
^free<adj><sg>/gratis<adj><sg>$ ^bloop<adj><m><pl>/gloop<n>$
^free<adj><sg>/libre3<adj><sg>$ ^qaa<v><pret>/gloop<n>$
^free<adj><sg>/libre4<adj><sg>$ ^qaa<adj><pl>/gloop<n>$
